test population statistic instructions
cntpop: 4
cntlz 0
