test bit reverse instruction (permb)
initial value: 1234567890abcdef
r55 f7b3d5091e6a2c48 11110111_10110011_11010101_00001001_00011110_01101010_00101100_01001000
r55 1234567890abcdef 00010010_00110100_01010110_01111000_10010000_10101011_11001101_11101111
reverse bits: f7b3d5091e6a2c48
reverse bit-pairs: fb73ea062d951c84
reverse nibbles (4-bits): fedcba0987654321
reverse 1bytes: 1234567890abcdef => efcdab9078563412
reverse 2bytes: 1234567890abcdef => cdef90ab56781234
reverse 4bytes: 1234567890abcdef => 90abcdef12345678
