test compare-with-zero-and-long-branch
end test compare-with-zero-and-long-branch
