branch-int, test memory
test_memory: fffffffff1250000
counter: 200000
