test ca.rf
ca.rf: fffffffff1250000
end_ca_rf_test
