r0 = 000000000000c232_fffffffff1230021
r1 = 1
r2 = 2
r3 = 3
