example of carry/borrow testing
add carryis
multiprecision add:
r50,r51,r52,r53,r54 = 0000000000000000 0000000000000000 0000000000000000 0000000000000000 0000000000000000
r40     0000000000000000
end carry test
