Example of test bit and branch
15
0
end branch_bit test
