test compare
test compare instructions
compare aliases (pseudo-instructions)
