cpuid implemented number
cpuid len 000000000000000b
cpuid loop
cpuid[0] = 000000000000000b
cpuid[1] = 0000000000000001
cpuid[2] = 0000000000000000
cpuid[3] = 0000000080000440
cpuid[4] = 0000000080000440
cpuid[5] = 0000000400000840
cpuid[6] = 0000002000000840
cpuid[7] = 0000000000000040
cpuid[8] = 0000000000000040
cpuid[9] = 0000000000000100
cpuid[10] = 0000000000000014
