crc32c = 0x22620404 (expected)
crc32c = 0x22620404 (computed)
