test addressing
text_lo(text_lbl)=0
text_hi(text_lbl)=4096
65536
111
112
113
111
