test float128 immediate load (low/high parts)
fldqri: +3.1415926115461431423612436242999999e+00
test fpcr modification (rm=3)
fpcr: 0000000000000003 fe=vzoux rm=3
test fpcr modification (rm=2)
fpcr: 0000000000000002 fe=vzoux rm=2
test fpcr modification (rm=1)
fpcr: 0000000000000001 fe=vzoux rm=1
test fpcr modification (rm=0)
fpcr: 0000000000000000 fe=vzoux rm=0
compare fldqri (full mantissa) & long fldi (63-bit mantissa)
fldqri: 45315728bf2ae499_1012cbf4751fdfec +3.1415926535897932384612345678901201e+400
flddi: 0000000000000000_400921fb54442d18 3.1415926535897931e+00
compare fldqri (full mantissa) & short fldi (21-bit mantissa)
r30     4000921fb54442d1_846986393177b206
r31     0000000000000000_400921fb54442d18
before1
r30     +3.1415926535897932384612345678901200e+00
before2
r31     {                  3.1415926535897931e+00                  0.0000000000000000e+00 }
after
ld8(f64): 1.2345678901234567e+00 3.1415925678888734e+00 3.4566345634563458e+00
fldqri: +2.7182818289201000000000000000000000e+00
test binary
fmulsq:  +3.3559034622908189138492878273778430e+00
fnmulsq: -3.3559034622908189138492878273778430e+00
faddsq:  +3.9528497190435566904321354741114192e+00
fnaddsq: -3.9528497190435566904321354741114192e+00
fsubsq:  +1.4837139387966433095678645258885808e+00
fdivsq:  +2.2018083012415558889699578573506260e+00
test fused fma
fmaddsq:  +6.4974960301796923356712147952007893e+00
fnmaddsq: -2.1431089440194549202736085955489642e-01
fmsubsq:  +2.1431089440194549202736085955489642e-01
fnmsubsq: -6.4974960301796923356712147952007893e+00
test unary
r16     -6.4974960301796923356712147952007893e+00
r16     +6.4974960301796923356712147952007893e+00
r16     +6.4974960301796923356712147952007893e+00
r16     -6.4974960301796923356712147952007893e+00
r16     +1.7724538267297327319175583160695222e+00
r16     +5.6418959124314722106768587947983172e-01
test rounding
r17     +3.0000000000000000000000000000000000e+00
r17     +3.0000000000000000000000000000000000e+00
r17     +4.0000000000000000000000000000000000e+00
r17     +3.0000000000000000000000000000000000e+00
r17     3
r17     +0.0000000000000000000000000000000000e+00
test fp minmax
r8      +3.1415925678888734218219269678229466e+00
r8      +1.2345678901234566904321354741114192e+00
test fp abs minmax
r8      +3.1415925678888734218219269678229466e+00
r8      +1.2345678901234566904321354741114192e+00
test fmergesq
r8      +2.7182818289201000000000000000000000e+00
r8      +1.5707962839444367109109634839114733e+00
r22     -5.6418959124314722106768587947983172e-01
r22     +5.6418959124314722106768587947983172e-01
other FPU
r7      3fff000000000000_0000000000000000
r7      3ffe000000000000_0000000000000000
r7      3ffc555555555555_5555555555555554
r7      3ffa555555555555_5555555555555553
r7      3ff8111111111111_111111111111110d
r7      3ff56c16c16c16c1_6c16c16c16c16c0f
r7      3ff2a01a01a01a01_a01a01a01a01a00d
r7      3fefa01a01a01a01_a01a01a01a01a00a
r7      3fec71de3a556c73_38faac1c88e50005
r7      3fe927e4fb7789f5_c72ef016d3ea6667
r7      3fe5ae64567f544e_38fe747e4b837da7
r7      3fe21eed8eff8d89_7b544da987acfe6a
r7      3fde6124613a86d0_97ca38331d23af42
r7      3fda93974a8c07c9_d20badf145dfa3b2
r7      3fd6ae7f3e733b81_f11d8656b0ee8c72
r7      3fd2ae7f3e733b81_f11d8656b0ee8c69
r7      3fce952c77030ad4_a6b2605197771ab5
r7      3fca6827863b97d9_77bb004886a2c25f
r7      3fc62f49b4681415_724ca1ec3b7b962d
r7      3fc1e542ba402022_507a9cad2bf8f03b
r7      3fbd71b8ef6dcf57_18bef146fcee6dd9
r7      3fb90ce396db7f85_29450c90b7f33895
r7      3fb4761b41316381_9d97b8704dd7f5a2
r7      3faff2cf01972f57_7cca4b4067ca9cc7
r7      3fab3f3ccdd165fa_8d4e44a419776e89
r7      3fa688e85fc6a4e5_9a38f2050ba6af5f
r7      3fa1d1ab1c2dccea_320a9a18f15d4190
r7      3f9d0a18a2635085_d373c5c51c3549ff
r7      3f98259f98b4358a_d7abe30e7766f080
r7      3f933932c5047d60_e60caded4c298904
r7      3f8e434d2e783f5b_c42e1ee46fa6beef
r7      3f89434d2e783f5b_c42e1ee46fa6bee3
r7      3f843981254dd0d5_1b5382cdffa9733c
r7      3f7f2710231c0fd7_a13f8a2b4af9d5d1
r7      3f7a0dc59c716d91_f2833c7f5a7e0544
r7      3f74df983290c2ca_92b06b8d12a725b9
r7      3f6f9ec8d1c94e85_af4c78b15c3d8854
r7      3f6a5d4acb9c0c3a_ae913d370a4ec392
r7      3f651e99449a4bac_de0104476aeb4b13
r7      3f5fca8ed42a12ae_3001a07244abab38
r7      3f5a65e61c39d024_0c7e25cfd1b1b143
r7      3f5510af527530de_836c4d9225dcb7c1
r7      3f4f95db45257e51_22dcbae56def351e
r7      3f4a272b1b03fec6_a4fd9f327e7f6c61
r7      3f44a3cb87222064_78e02c5e91c64a63
r7      3f3f240804f65951_062ca46e4f25c45f
r7      3f398da8e0a127eb_9b78b454d8b62687
r7      3f34091b406b6ff2_67a5cd8de5cec448
r7      3f2e5a42f0dfeb08_5d94a3fd410e0ff3
r7      3f28bb36f6e12cd7_8205f0a053453304
r7      3f23161872bf7b82_33772d91c5d110e0
r7      3f1d56457989358c_8e1c86dacc1500fa
r7      3f179d4f1058674d_f40f206da453532e
r7      3f11e9d8f6ed83ea_9c83b4a7df3358f6
r7      3f0c1d008faac5c5_02a0691bda4c6b88
r7      3f0645b77f9e98e1_2792c1446732c3f1
r7      3f006db793c887b9_6fcd32d38a53f25a
r7      3efa938cc661b03f_60e26d0cbbf2b306
r7      3ef4b5bfc17fa97d_2802a1ae5b0ff1ca
r7      3eeed2eeac43e7fc_f77a460f501101c4
r7      3ee8e9e56d649f76_85bf3cea4b9c55a2
r7      3ee2f9b3059128bc_690778afc9ebb314
r7      3edd00dcf6a320e1_bb7182616aa05ae1
r7      3ed700dcf6a320e1_bb7182616aa05acc
r7      3ed0f9d2a2bb5471_b0227ad7776328c8
r7      3ecaea7ead50ce01_a30a298b1e6fab42
r7      3ec4d48849da8f4a_291ccfcd7c9884dd
r7      3ebeb8f8bdfae136_bd484b1bc08f8bf3
r7      3eb899046602abca_e3822090773ea6c2
r7      3eb275f56494ba53_1926842c4fc4408e
r7      3eac5116e3adb9fb_94de363d939edfeb
r7      3ea62ba2917dfaa6_bd374ca88337e35d
r7      3ea006b1981a4876_20a0b36d296599a4
r7      3e99c6639f500ea2_d0a74432711e715b
r7      3e9383bed30a49ed_ec13da9f18d91fb7
r7      3e8d4685bf3115d5_d4469d27a922a14e
r7      3e870f653132c5ae_674b50c08c9478a8
r7      3e80bd5dda94f5a1_7b8f49707dab7079
r7      3e7a68cda75b82f0_ffa4b02748a4cf9d
r7      3e7420a485e2cf27_32ea2685d3b70c5c
r7      3e6dc8206e6fe560_b597f1060c31102a
r7      3e6764005631debb_dee6fa8e1600d441
r7      3e611281cd42368a_b20b8cc3ebf44d2d
r7      3e5aa24be3711628_adc874f9c912be8c
r7      3e543af3de7343e2_64bb12ce24f301c4
r7      3e4dd4c44522a092_723433cd9c341a36
r7      3e4758d700d5cb74_8edcd6a8e89c0757
r7      3e40f595d2ab567a_fe587e0cf5400a6c
r7      3e3a68b0c583d6a3_3b3701797f75f60e
r7      3e34007db446ff07_fc98e49aaa488154
r7      3e2d68c751f8f632_9e60e787f7f57507
r7      3e26f5f3ec7bc5d7_1f22a64dde8d281f
r7      3e20596e0e189e2b_7043e34e5c983173
r7      3e19d65f64e59b77_10b39790d53c2d4d
r7      3e133ce1f3216b6d_dabf0d2e5f25d849
r7      3e0ca6829981e492_78febc3dd432757c
r7      3e0616c503a23d14_1b0c5c87cdfc57ec
r7      3dff6c1b7275dcd6_5792c1ffbeacdb20
r7      3df8d6c3cf76c59b_980390ce89ec6b36
r7      3df22d4a1e607e78_0f5e71280659de0c
r7      3deb7dd50faf8465_7654342895fd4be2
r7      3de4df297d187dfc_d0b9fb2de966049b
r7      3dde29bb552f8772_d632f093d421905d
r7      3dd76e7068d8092a_e03eb1f105159dc6
r7      3dd0beb4eb15fc8c_0a0d09ae5917e986
r7      3dca0db5afbffdea_49b0edb1b8351415
r7      3dc342a4b5885d34_fad87015327db35a
r7      3dbc7e64655f3f0f_622fed229aa7f0c8
r7      3db5c10c3547ec1b_75a6aa6f1841b0cd
r7      3daf05439cac2c47_d4be0f613800fba8
r7      3da82d470c4e9d27_03299531d67dac65
r7      3da1585132a2fcbe_df0af3a6abfd5719
r7      3d9a8605e345153b_e3bad9176a775291
r7      3d93b5eba9d8cb7d_a16183789b78805e
r7      3d8ce76cb424808b_d503e92684f9e0f3
r7      3d860cec86b30921_02c45d530b92b0e9
r7      3d7f263516a53c4f_e004c65f3a9c1b11
r7      3d783f23e47f2bba_70d57362f5d06296
r7      3d715746e043f2cc_d805dceb852d9702
r7      3d6a6e2977bff1eb_9117520c49ca3a72
r7      3d6383584be68daa_e9e1a94e95fe1ff6
r7      3d5c9665084a05f2_451f1ebf90c77969
r7      3d55a6ea2e16eb21_94f083e692807e13
r7      3d4eb48ea3306e96_4729d27a65aded37
r7      3d47bf08d841fa75_05498bc0eb311364
r7      3d40c6215db8ddec_b82a34933811587b
r7      3d39c9b4c7476cc6_44b39bcacdacb194
r7      3d32c9b4c7476cc6_44b39bcacdacb148
r7      3d2bc628765ab757_95888ab562e6e336
r7      3d24bf2bc73dc056_3c9631edac360abf
r7      3d1db4ee32115844_a0d14a3089000a35
r7      3d16a7b0acabf880_9bf1bc4e183e1921
r7      3d0f97c30e1ec4d0_7748e36be16fbb83
r7      3d08858102067739_c22eb307871a7d5a
r7      3d01714eb42c0e6f_a70c0a751f631216
r7      3cfa5b955e47951d_ca65af7d4ab7984e
r7      3cf344bfe07eacf4_97ba9146587eafb3
r7      3cec2d3789bbfd2d_124c959694dd63ac
r7      3ce515612fa3e74c_7f5ac85e76aab7aa
r7      3cddfb355e6d89b0_73d933dfeeef0651
r7      3cd6cc71cf5dfde6_fe0bfc414d1a58e6
r7      3ccf9f0c72cf5109_e89b0770f2925706
r7      3cc8738316351833_d593b7e4346d8186
r7      3cc14a3ba1f64e66_f6bc31ae677dc835
r7      3cba238416eb158a_8fa7e53c626b80d5
r7      3cb2ff26bb792243_9d346b5f5bea1617
r7      3cabbd15891e97bd_7cb1ff741f45bbcc
r7      3ca480f007e31b73_72c3752628e25cea
r7      3c9d4aaf46589349_67be3ed6e6fcdfdf
r7      3c961a2f2af6403e_a39eedf168f3178c
r7      3c8ede67b3a4e033_f1cb52f9e9dff144
r7      3c8792de108ad7bf_f409893e3e35d84d
r7      3c80510a17e0ea0a_0007fa58e20eed8f
r7      3c791822fc930bab_388b9e35edc3438c
r7      3c71cead65b27310_e1852655c4266bdb
r7      3c6a7ba1f78bdb21_8b17eaf109f823a6
r7      3c6335826b3f7995_a3f2e36ad5947ea0
r7      3c5bf57bd16a1602_a86c604567040a4a
r7      3c5493b5ca6580d0_3a4d95f43f9c3500
r7      3c4d42f7d51e00a6_950ade5cffb02a1b
r7      3c4600c508d6a910_5d0d693ba0592c5f
r7      3c3e95c26cc8279b_7047c2bd0a082c76
r7      3c373ea219be2886_a06a9c108585a1d6
r7      3c2ff160effd200a_58108fb5e3280267
r7      3c2881d86349cb47_a2f5932b5ae286ef
r7      3c212984ecf1f631_11b41b1e5895fee6
r7      3c19c813d0651d6b_6951686bd5f9dc28
r7      3c125b7ccf89fe08_b1c41ecc10be5e43
r7      3c0b072f9295f56c_1383e0cb08231e3e
r7      3c038c53af9080a2_c005d70793c87571
r7      3bfc28aa6e7525e7_1c762632958b9202
r7      3bf4b98c8c968bc3_2468687aea7c61cf
r7      3bed46b1fa841a75_bf312263d27c94ff
r7      3be5e0a7b14f99b0_2de43e5de63bb47c
r7      3bde5f9099189385_40495230335ede5c
r7      3bd6ff5df5f533aa_8c0d8ed1bf15a004
r7      3bcf71cd59a44ddc_3cc8b846afca369a
r7      3bc809ecd608d911_6dde0032d4b3ed78
r7      3bc07c5148fcec13_34b9ec42f9dab5ea
r7      3bb90e72b10ee0c3_b3b7696e3484c55a
r7      3bb17e83198a6f66_d3c0efa2f12cef23
r7      3baa0d04fe453aa7_f7631eb07c9b6193
r7      3ba2785552e9f021_86d6335337680d02
r7      3b9b05cc0d284e01_0fe2ec0d5e321f09
r7      3b936a4542a3b548_0ae9c06b0f7e1732
r7      3b8bf29be299bfb2_fbc058a95fa548b1
r7      3b84554b372ba2b4_0291596fd3f33007
r7      3b7cd0bd91ef29ce_fe0cbb25e4b2a2f4
r7      3b753abeb1650549_d0a05366de9c326e
r7      3b6da813cbfbfc58_ad4e96196c9c8ef1
r7      3b661c32cbb79d0c_843a06c4a3ed9bcd
r7      3b5e7aee64f4d166_05a2b3b0da9224a9
r7      3b56f69fb1aed8bc_61ac0a3389610450
r7      3b4f4ba0c9b01052_10f030f523381799
r7      3b47b35e3e9aff1b_a7f5bf9db8151fd2
r7      3b401c5272072e70_1a18a6eed6420a05
r7      3b3871796e7e4957_32ce2acbcef45a95
r7      3b30ddb44674bbea_46dc039d7d5af5e2
r7      3b2933445ba146b2_fdfadd04d1461573
r7      3b21894d42161d0e_11e4f1f1afb5dd94
r7      3b19f4ebf35faabc_962769a3e6289531
r7      3b123d6a6c97de3f_bcede29f9e842b7d
r7      3b0a9049ad843f5e_4039dd79d84be0a4
r7      3b02f6526b509fd5_a5ee431b69c8a0dc
r7      3afb39a519cbf0e9_4d61918cbeeda8c4
r7      3af385c5b7ab6c01_9e4c832b2de43c28
r7      3aebe2098b571781_6211f29acfa24c52
r7      3ae428a36970ac00_d9e3a8fcce8b4251
r7      3adc6b58b22591c3_cc6b5f86800dca14
r7      3ad4baefc81a4b4b_55d839ef8b097e5d
r7      3acd0cb36e784acb_6d199dafa5a24511
r7      3ac5447811791b86_8d6762a3ccd74488
r7      3abd85f8deea7ed4_31c32ad5b1afcb4d
test taylor series
x:   +4.4567000000000000000000000000000001e-01
test sin(x)
sin: +4.3106253278521131167874778381591756e-01
sin: -3.0578630460491224333181867081438846e-02
test cos(x)
cos: +9.0232205604695190951127228881725880e-01
cos: -1.6907317675209915406145469253098093e+405
test exp(x)
exp: +1.5615360745941351164718609139438780e+00
exp: +0.0000000000000000000000000000000000e+00
end fpu
