test base addressing with indexed post-update
end_indexed_modify_test
