test ip-relative data addressing
end ip-relative data test
