check mbsel instruction
mbsel: 3355335533553355
mbsel: 3355335533553355
end_mbsel_test
