
test write: special register
ip      fffffffff1230000
eip     fffffffff1230280
eca     0000000000000000
fpcr    0000000000000000 fe=vzoux rm=0
rsc     000000000000003d sof=61 bof=0 soc=0 ndirty=0 bod=0
rsp     fffffffff1730000
bsp     fffffffff1630000
peb     0000000000000000
teb     0000000000000000
itc     0000000000000004
itm     0000000000000000
psr     0000000000020000 pm=0 id=0 dd=0 lp=0 tb=0 ss=0 ic=0 ib=0 pl=0 pp=0 ri=2 future=00000000000000000000000000000000
pta     00000012345001c7 v=1 pta=0000001234500000 pageoffset=14 nlevels=3
iva     0000000000000000
kip     ffffffff00000000
ksp     0000000000000000
krsp    0000000000000000
iip     fffffffff1230000
iipa    fffffffff1230060
ipsr    0000000000000000 pm=0 id=0 dd=0 lp=0 tb=0 ss=0 ic=0 ib=0 pl=0 pp=0 ri=0 future=00000000000000000000000000000000
cause   0000000000000000 x=0 w=0 r=0 a=0 n=0 d=0 ei=0 code=0 vector=0
ifa     0000000000000000
iib     0000000000000000_0000000000000000
tpr     00000000000000ff vector=255
lid     0000000000000000
irr0    0000000000000000
irr1    0000000000000000
irr2    0000000000000000
irr3    0000000000000000
isr0    0000000000000000
isr1    0000000000000000
isr2    0000000000000000
isr3    0000000000000000
tsv     0000000000008000 vector=0 mask=1
cmcv    0000000000008000 vector=0 mask=1
pmv     0000000000008000 vector=0 mask=1

test mfspr: read special register
ip      fffffffff12300d0
eip     fffffffff1230280
0000000000000000
0000000000000000
000000000000003d
fffffffff1730000
fffffffff1630000
0000000000000000
0000000000000000
0000000000000014
0000000000000000
0000000000020000
00000012345001c7
0000000000000000
ffffffff00000000
0000000000000000
krsp    0000000000000000
iip     fffffffff1230000
iipa    fffffffff1230190
ipsr    0000000000000000
cause   0000000000000000
0000000000000000
ifa     0000000000000000
iib     0000000000000000_0000000000000000
tpr     00000000000000ff
lid     0000000000000000
irr0    0000000000000000
irr1    0000000000000000
irr2    0000000000000000
irr3    0000000000000000
0000000000000000
0000000000000000
0000000000000000
0000000000000000
0000000000008000
0000000000008000
0000000000008000
end test mfspr
