0 factorials
factorial: 1
factorial: 2
factorial: 6
factorial: 24
factorial: 120
factorial: 720
factorial: 5040
factorial: 40320
factorial: 362880
factorial: 3628800
factorial: 39916800
factorial: 479001600
factorial: 6227020800
factorial: 87178291200
factorial: 1307674368000
factorial: 20922789888000
factorial: 355687428096000
factorial: 6402373705728000
factorial: 121645100408832000
factorial: 2432902008176640000
21 2432902008176640000
