PMC_LAST = 20
PMC_SHORT_INSTRUCTION = 5
PMC_LONG_INSTRUCTION = 0
PMC_SHADOWED_INSTRUCTION = 0
PMC_NOP_INSTRUCTION = 0
PMC_QUALIFIED_NOP_INSTRUCTION = 0
PMC_REGISTER_SPILL = 0
PMC_REGISTER_FILL = 0
PMC_ICACHE_HIT = 0
PMC_ICACHE_MISS = 1
PMC_DCACHE_HIT = 0
PMC_DCACHE_MISS = 0
PMC_INSTRUCTION_TRANSLATION_HIT = 0
PMC_INSTRUCTION_TRANSLATION_MISS = 1
PMC_DATA_TRANSLATION_HIT = 458
PMC_DATA_TRANSLATION_MISS = 3
PMC_BACKSTORE_TRANSLATION_HIT = 0
PMC_BACKSTORE_TRANSLATION_MISS = 0
old pm reg = 1
