test random
random: 086b1d783f0b36f8
random: a218dbbc13a36bcd
random seed: 2b7284fe29291b48
end_random_test
