test table switch to case 1
case 1
end table switch test
