load/store unaligned
0100
0201
0302
03020100
04030201
05040302
06050403
07060504
0706050403020100
0807060504030201
0908070605040302
0a09080706050403
0b0a090807060504
0c0b0a0908070605
0d0c0b0a09080706
0e0d0c0b0a090807
0f0e0d0c0b0a0908
0f0e0d0c0b0a0908_0706050403020100
100f0e0d0c0b0a09_0807060504030201
11100f0e0d0c0b0a_0908070605040302
1211100f0e0d0c0b_0a09080706050403
131211100f0e0d0c_0b0a090807060504
14131211100f0e0d_0c0b0a0908070605
1514131211100f0e_0d0c0b0a09080706
161514131211100f_0e0d0c0b0a090807
1716151413121110_0f0e0d0c0b0a0908
1817161514131211_100f0e0d0c0b0a09
1918171615141312_11100f0e0d0c0b0a
1a19181716151413_1211100f0e0d0c0b
1b1a191817161514_131211100f0e0d0c
1c1b1a1918171615_14131211100f0e0d
1d1c1b1a19181716_1514131211100f0e
1e1d1c1b1a191817_161514131211100f
1f1e1d1c1b1a1918_1716151413121110
