ip=fffffffff1230000, eip=fffffffff1230100, psr=0000000000020000 pm=0 id=0 dd=0 lp=0 tb=0 ss=0 ic=0 ib=0 pl=0 pp=0 ri=2 future=00000000000000000000000000000000
end test write special regs

test write: general register
%i8(sp)  = 0
%i16(sp) = 0
%i32(sp) = -245104640
%i64(sp) = -245104640
%u8(sp)  = 0
%u16(sp) = 0
%u32(sp) = 4049862656
%u64(sp) = 18446744073464446976
%x8(sp)  = 0x00
%x16(sp) = 0x0000
%x32(sp) = 0xf1640000
%x64(sp) = 0xfffffffff1640000
0000000000000000
0000000000000000
0000000000000000
0000000000000000
0000000000000000
0000000000000000
0000000000000000
fffffffff1830000
fffffffff1640000
end test write general regs
r22 = 7ffeffffffffffff_ffffffffffffffff +1.1897314953572317650857593266280070e+4932
r22 = 400409e0652141ef_0dbf5b4a289824a4 +3.3234567889999999999999999999999997e+01
r22 = 3ffdbcff5d6fe34b_a936bc527a7a8239 +4.3456789012345678901234567890123456e-01
r22 = 3ff921fb45e1837b 1.5707962732051033e+00
r22 = 6fc77488 1.2345679e+29
end test write fp regs
